// Vitest Snapshot v1

exports[`TodoLayout 1`] = `
<div
  className="border max-w-2xl rounded-lg shadow mx-auto"
>
  <div
    className="bg-blue-500 p-4 text-center rounded-t-lg"
  >
    <h1
      className="text-white text-2xl font-bold"
    >
      TODO List
    </h1>
  </div>
  <div
    className="p-4"
  >
    <p>
      Children
    </p>
  </div>
</div>
`;
