// Vitest Snapshot v1

exports[`TodoInput 1`] = `
<div
  className="flex flex-col"
>
  <div
    className="flex flex-row"
  >
    <input
      className="p-4 rounded my-1 text-lg w-full"
      onChange={[Function]}
      placeholder="Add a TODO"
      value=""
    />
    <button
      className="border p-4 m-2 rounded shadow bg-white hover:bg-gray-200 active:bg-gray-400 flex flex-row items-center"
      onClick={[Function]}
    >
      <svg
        className="h-6 w-6"
        fill="none"
        stroke="currentColor"
        strokeWidth={2}
        viewBox="0 0 24 24"
        xmlns="http://www.w3.org/2000/svg"
      >
        <path
          d="M12 4v16m8-8H4"
          strokeLinecap="round"
          strokeLinejoin="round"
        />
      </svg>
    </button>
  </div>
</div>
`;
